###############################################################################
#
# IAR ELF Linker V8.11.1.13263/W32 for ARM                24/Jun/2017  12:37:31
# Copyright 2007-2017 IAR Systems AB.
#
#    Output file  =  
#        E:\GreenFlow\GreenFlow\firmware\FlowTest\EWARM\flowTest\Exe\flowTest.out
#    Map file     =  
#        E:\GreenFlow\GreenFlow\firmware\FlowTest\EWARM\flowTest\List\flowTest.map
#    Command line =  
#        -f C:\Users\VICKYD~1\AppData\Local\Temp\EW715B.tmp
#        (E:\GreenFlow\GreenFlow\firmware\FlowTest\EWARM\flowTest\Obj\incrementFlow.o
#        E:\GreenFlow\GreenFlow\firmware\FlowTest\EWARM\flowTest\Obj\main.o
#        E:\GreenFlow\GreenFlow\firmware\FlowTest\EWARM\flowTest\Obj\startup_stm32l053xx.o
#        E:\GreenFlow\GreenFlow\firmware\FlowTest\EWARM\flowTest\Obj\stm32l0xx_hal.o
#        E:\GreenFlow\GreenFlow\firmware\FlowTest\EWARM\flowTest\Obj\stm32l0xx_hal_cortex.o
#        E:\GreenFlow\GreenFlow\firmware\FlowTest\EWARM\flowTest\Obj\stm32l0xx_hal_dma.o
#        E:\GreenFlow\GreenFlow\firmware\FlowTest\EWARM\flowTest\Obj\stm32l0xx_hal_flash.o
#        E:\GreenFlow\GreenFlow\firmware\FlowTest\EWARM\flowTest\Obj\stm32l0xx_hal_flash_ex.o
#        E:\GreenFlow\GreenFlow\firmware\FlowTest\EWARM\flowTest\Obj\stm32l0xx_hal_flash_ramfunc.o
#        E:\GreenFlow\GreenFlow\firmware\FlowTest\EWARM\flowTest\Obj\stm32l0xx_hal_gpio.o
#        E:\GreenFlow\GreenFlow\firmware\FlowTest\EWARM\flowTest\Obj\stm32l0xx_hal_i2c.o
#        E:\GreenFlow\GreenFlow\firmware\FlowTest\EWARM\flowTest\Obj\stm32l0xx_hal_i2c_ex.o
#        E:\GreenFlow\GreenFlow\firmware\FlowTest\EWARM\flowTest\Obj\stm32l0xx_hal_msp.o
#        E:\GreenFlow\GreenFlow\firmware\FlowTest\EWARM\flowTest\Obj\stm32l0xx_hal_pwr.o
#        E:\GreenFlow\GreenFlow\firmware\FlowTest\EWARM\flowTest\Obj\stm32l0xx_hal_pwr_ex.o
#        E:\GreenFlow\GreenFlow\firmware\FlowTest\EWARM\flowTest\Obj\stm32l0xx_hal_rcc.o
#        E:\GreenFlow\GreenFlow\firmware\FlowTest\EWARM\flowTest\Obj\stm32l0xx_hal_rcc_ex.o
#        E:\GreenFlow\GreenFlow\firmware\FlowTest\EWARM\flowTest\Obj\stm32l0xx_hal_tim.o
#        E:\GreenFlow\GreenFlow\firmware\FlowTest\EWARM\flowTest\Obj\stm32l0xx_hal_tim_ex.o
#        E:\GreenFlow\GreenFlow\firmware\FlowTest\EWARM\flowTest\Obj\stm32l0xx_it.o
#        E:\GreenFlow\GreenFlow\firmware\FlowTest\EWARM\flowTest\Obj\system_stm32l0xx.o
#        --redirect _Printf=_PrintfFull --redirect _Scanf=_ScanfFull -o
#        E:\GreenFlow\GreenFlow\firmware\FlowTest\EWARM\flowTest\Exe\flowTest.out
#        --map
#        E:\GreenFlow\GreenFlow\firmware\FlowTest\EWARM\flowTest\List\flowTest.map
#        --config
#        E:\GreenFlow\GreenFlow\firmware\FlowTest\EWARM/stm32l053xx_flash.icf
#        --semihosting --entry __iar_program_start --vfe --text_out locale)
#
###############################################################################

*******************************************************************************
*** RUNTIME MODEL ATTRIBUTES
***

CppFlavor       = *
__SystemLibrary = DLib
__dlib_version  = 6


*******************************************************************************
*** HEAP SELECTION
***

The basic heap was selected because some modules are built with
size limitations (and not runtime checking), and --advanced_heap
was not specified.


*******************************************************************************
*** PLACEMENT SUMMARY
***

"A0":  place at 0x08000000 { ro section .intvec };
"P1":  place in [from 0x08000000 to 0x0800ffff] { ro };
"P2":  place in [from 0x20000000 to 0x20001fff] { rw, block CSTACK, block HEAP };
initialize by copy { rw };

  Section            Kind        Address   Size  Object
  -------            ----        -------   ----  ------
"A0":                                      0xc0
  .intvec            ro code  0x08000000   0xc0  startup_stm32l053xx.o [1]
                            - 0x080000c0   0xc0

"P1":                                     0xcfa
  .text              ro code  0x080000c0  0x70c  stm32l0xx_hal_rcc.o [1]
  .text              ro code  0x080007cc    0xc  stm32l0xx_hal.o [1]
  .text              ro code  0x080007d8   0x28  stm32l0xx_hal.o [1]
  .text              ro code  0x08000800   0x36  I32DivMod.o [4]
  .text              ro code  0x08000836    0x2  startup_stm32l053xx.o [1]
  .text              ro code  0x08000838   0xa6  stm32l0xx_hal_cortex.o [1]
  .text              ro code  0x080008de    0x2  startup_stm32l053xx.o [1]
  .text              ro code  0x080008e0    0x2  IntDivZer.o [4]
  .text              ro code  0x080008e2    0x2  startup_stm32l053xx.o [1]
  .text              ro code  0x080008e4  0x1e2  stm32l0xx_hal_gpio.o [1]
  .text              ro code  0x08000ac6    0x2  startup_stm32l053xx.o [1]
  .text              ro code  0x08000ac8   0xcc  main.o [1]
  .text              ro code  0x08000b94   0x1c  incrementFlow.o [1]
  .text              ro code  0x08000bb0   0x20  stm32l0xx_hal.o [1]
  .text              ro code  0x08000bd0   0x40  stm32l0xx_hal_msp.o [1]
  .text              ro code  0x08000c10   0x74  system_stm32l0xx.o [1]
  .text              ro code  0x08000c84   0x30  copy_init3.o [4]
  .text              ro code  0x08000cb4   0x28  data_init.o [4]
  .text              ro code  0x08000cdc   0x22  stm32l0xx_it.o [1]
  .text              ro code  0x08000cfe    0x2  startup_stm32l053xx.o [1]
  .text              ro code  0x08000d00   0x10  stm32l0xx_hal.o [1]
  .iar.init_table    const    0x08000d10   0x14  - Linker created -
  .text              ro code  0x08000d24   0x1a  cmain.o [4]
  .text              ro code  0x08000d3e    0x4  low_level_init.o [3]
  .text              ro code  0x08000d42    0x8  exit.o [3]
  .text              ro code  0x08000d4a    0x2  startup_stm32l053xx.o [1]
  .text              ro code  0x08000d4c    0xa  cexit.o [4]
  .text              ro code  0x08000d56    0x2  startup_stm32l053xx.o [1]
  .text              ro code  0x08000d58   0x14  exit.o [5]
  .text              ro code  0x08000d6c   0x10  startup_stm32l053xx.o [1]
  .text              ro code  0x08000d7c    0xc  cstartup_M.o [4]
  Initializer bytes  const    0x08000d88    0xc  <for P2-1>
  .text              ro code  0x08000d94    0x2  startup_stm32l053xx.o [1]
  .text              ro code  0x08000d96    0x2  startup_stm32l053xx.o [1]
  .text              ro code  0x08000d98    0x2  startup_stm32l053xx.o [1]
  .text              ro code  0x08000d9a    0x2  startup_stm32l053xx.o [1]
  .text              ro code  0x08000d9c    0x2  startup_stm32l053xx.o [1]
  .text              ro code  0x08000d9e    0x2  startup_stm32l053xx.o [1]
  .text              ro code  0x08000da0    0x2  startup_stm32l053xx.o [1]
  .text              ro code  0x08000da2    0x2  startup_stm32l053xx.o [1]
  .text              ro code  0x08000da4    0x2  startup_stm32l053xx.o [1]
  .text              ro code  0x08000da6    0x2  startup_stm32l053xx.o [1]
  .text              ro code  0x08000da8    0x2  startup_stm32l053xx.o [1]
  .text              ro code  0x08000daa    0x2  startup_stm32l053xx.o [1]
  .text              ro code  0x08000dac    0x2  startup_stm32l053xx.o [1]
  .text              ro code  0x08000dae    0x2  startup_stm32l053xx.o [1]
  .text              ro code  0x08000db0    0x2  startup_stm32l053xx.o [1]
  .text              ro code  0x08000db2    0x2  startup_stm32l053xx.o [1]
  .text              ro code  0x08000db4    0x2  startup_stm32l053xx.o [1]
  .text              ro code  0x08000db6    0x2  startup_stm32l053xx.o [1]
  .text              ro code  0x08000db8    0x2  startup_stm32l053xx.o [1]
  .rodata            const    0x08000dba    0x0  copy_init3.o [4]
                            - 0x08000dba  0xcfa

"P2", part 1 of 2:                          0xc
  P2-1                        0x20000000    0xc  <Init block>
    .data            inited   0x20000000    0x4  system_stm32l0xx.o [1]
    .bss             inited   0x20000004    0x4  incrementFlow.o [1]
    .bss             inited   0x20000008    0x4  stm32l0xx_hal.o [1]
                            - 0x2000000c    0xc

"P2", part 2 of 2:                        0x400
  CSTACK                      0x20000010  0x400  <Block>
    CSTACK           uninit   0x20000010  0x400  <Block tail>
                            - 0x20000410  0x400


*******************************************************************************
*** INIT TABLE
***

          Address     Size
          -------     ----
Copy (__iar_copy_init3)
    1 source range, total size 0xc:
          0x08000d88   0xc
    1 destination range, total size 0xc:
          0x20000000   0xc



*******************************************************************************
*** MODULE SUMMARY
***

    Module                  ro code  ro data  rw data
    ------                  -------  -------  -------
E:\GreenFlow\GreenFlow\firmware\FlowTest\EWARM\flowTest\Obj: [1]
    incrementFlow.o              28        4        4
    main.o                      204
    startup_stm32l053xx.o       260
    stm32l0xx_hal.o             100        4        4
    stm32l0xx_hal_cortex.o      166
    stm32l0xx_hal_gpio.o        482
    stm32l0xx_hal_msp.o          64
    stm32l0xx_hal_rcc.o       1 804
    stm32l0xx_it.o               34
    system_stm32l0xx.o          116        4        4
    -------------------------------------------------
    Total:                    3 258       12       12

command line: [2]
    -------------------------------------------------
    Total:

dl6M_tlf.a: [3]
    exit.o                        8
    low_level_init.o              4
    -------------------------------------------------
    Total:                       12

rt6M_tl.a: [4]
    I32DivMod.o                  54
    IntDivZer.o                   2
    cexit.o                      10
    cmain.o                      26
    copy_init3.o                 48
    cstartup_M.o                 12
    data_init.o                  40
    -------------------------------------------------
    Total:                      192

shb_l.a: [5]
    exit.o                       20
    -------------------------------------------------
    Total:                       20

    Linker created                        20    1 024
-----------------------------------------------------
    Grand Total:              3 482       32    1 036


*******************************************************************************
*** ENTRY LIST
***

Entry                      Address   Size  Type      Object
-----                      -------   ----  ----      ------
.iar.init_table$$Base   0x08000d10          --   Gb  - Linker created -
.iar.init_table$$Limit  0x08000d24          --   Gb  - Linker created -
?main                   0x08000d25         Code  Gb  cmain.o [4]
AHBPrescTable           0x08000c68   0x10  Data  Gb  system_stm32l0xx.o [1]
CSTACK$$Base            0x20000010          --   Gb  - Linker created -
CSTACK$$Limit           0x20000410          --   Gb  - Linker created -
EXTI0_1_IRQHandler      0x08000cf1    0xe  Code  Gb  stm32l0xx_it.o [1]
HAL_GPIO_EXTI_IRQHandler
                        0x08000a95   0x14  Code  Gb  stm32l0xx_hal_gpio.o [1]
HAL_GPIO_Init           0x080008e5  0x1a8  Code  Gb  stm32l0xx_hal_gpio.o [1]
HAL_GetTick             0x080007cd    0xc  Code  Wk  stm32l0xx_hal.o [1]
HAL_IncTick             0x08000d01   0x10  Code  Wk  stm32l0xx_hal.o [1]
HAL_Init                0x08000bb1   0x1a  Code  Gb  stm32l0xx_hal.o [1]
HAL_InitTick            0x080007d9   0x28  Code  Wk  stm32l0xx_hal.o [1]
HAL_MspInit             0x08000bd1   0x40  Code  Gb  stm32l0xx_hal_msp.o [1]
HAL_NVIC_EnableIRQ      0x08000875    0xe  Code  Gb  stm32l0xx_hal_cortex.o [1]
HAL_NVIC_SetPriority    0x0800086d    0x8  Code  Gb  stm32l0xx_hal_cortex.o [1]
HAL_RCC_ClockConfig     0x0800054d  0x162  Code  Gb  stm32l0xx_hal_rcc.o [1]
HAL_RCC_GetHCLKFreq     0x08000729    0x6  Code  Gb  stm32l0xx_hal_rcc.o [1]
HAL_RCC_GetSysClockFreq
                        0x080006bd   0x6c  Code  Gb  stm32l0xx_hal_rcc.o [1]
HAL_RCC_OscConfig       0x080000c1  0x476  Code  Gb  stm32l0xx_hal_rcc.o [1]
HAL_SYSTICK_CLKSourceConfig
                        0x080008ab   0x18  Code  Gb  stm32l0xx_hal_cortex.o [1]
HAL_SYSTICK_Config      0x08000883   0x28  Code  Gb  stm32l0xx_hal_cortex.o [1]
HAL_SYSTICK_IRQHandler  0x080008c3    0x8  Code  Gb  stm32l0xx_hal_cortex.o [1]
HardFault_Handler       0x08000cdf    0x2  Code  Gb  stm32l0xx_it.o [1]
NMI_Handler             0x08000cdd    0x2  Code  Gb  stm32l0xx_it.o [1]
NVIC_SetPriority        0x08000839   0x34  Code  Lc  stm32l0xx_hal_cortex.o [1]
PLLMulTable             0x08000c78    0xc  Data  Gb  system_stm32l0xx.o [1]
PendSV_Handler          0x08000ce3    0x2  Code  Gb  stm32l0xx_it.o [1]
RCC_SetFlashLatencyFromMSIRange
                        0x08000755   0x5e  Code  Lc  stm32l0xx_hal_rcc.o [1]
Region$$Table$$Base     0x08000d10          --   Gb  - Linker created -
Region$$Table$$Limit    0x08000d24          --   Gb  - Linker created -
SVC_Handler             0x08000ce1    0x2  Code  Gb  stm32l0xx_it.o [1]
SysTick_Handler         0x08000ce5    0xc  Code  Gb  stm32l0xx_it.o [1]
SystemClock_Config      0x08000b11   0x72  Code  Gb  main.o [1]
SystemCoreClock         0x20000000    0x4  Data  Gb  system_stm32l0xx.o [1]
SystemInit              0x08000c11   0x40  Code  Gb  system_stm32l0xx.o [1]
__aeabi_idiv0           0x080008e1         Code  Gb  IntDivZer.o [4]
__cmain                 0x08000d25         Code  Gb  cmain.o [4]
__exit                  0x08000d59   0x14  Code  Gb  exit.o [5]
__iar_copy_init3        0x08000c85   0x30  Code  Gb  copy_init3.o [4]
__iar_data_init3        0x08000cb5   0x28  Code  Gb  data_init.o [4]
__iar_program_start     0x08000d7d         Code  Gb  cstartup_M.o [4]
__iar_small_uidiv       0x08000801         Code  Gb  I32DivMod.o [4]
__iar_small_uidivmod    0x08000801         Code  Gb  I32DivMod.o [4]
__iar_systems$$module {Abs}
                        0x00000001         Data  Gb  command line/config [2]
__low_level_init        0x08000d3f    0x4  Code  Gb  low_level_init.o [3]
__vector_table          0x08000000         Data  Gb  startup_stm32l053xx.o [1]
_call_main              0x08000d31         Code  Gb  cmain.o [4]
_exit                   0x08000d4d         Code  Gb  cexit.o [4]
_main                   0x08000d3b         Code  Gb  cmain.o [4]
exit                    0x08000d43    0x8  Code  Gb  exit.o [3]
flowCount               0x20000004    0x4  Data  Gb  incrementFlow.o [1]
incrementFlowCount      0x08000b9d   0x10  Code  Gb  incrementFlow.o [1]
initFlowCount           0x08000b95    0x8  Code  Gb  incrementFlow.o [1]
main                    0x08000ac9   0x48  Code  Gb  main.o [1]
uwTick                  0x20000008    0x4  Data  Gb  stm32l0xx_hal.o [1]


[1] = E:\GreenFlow\GreenFlow\firmware\FlowTest\EWARM\flowTest\Obj
[2] = command line
[3] = dl6M_tlf.a
[4] = rt6M_tl.a
[5] = shb_l.a

  3 482 bytes of readonly  code memory
     32 bytes of readonly  data memory
  1 036 bytes of readwrite data memory

Errors: none
Warnings: none
