###############################################################################
#
# IAR ELF Linker V8.11.1.13263/W32 for ARM                24/Jun/2017  13:42:42
# Copyright 2007-2017 IAR Systems AB.
#
#    Output file  =  
#        E:\GreenFlow\GreenFlow\firmware\TestUart\GreenFlowHub\EWARM\GreenFlowHub\Exe\GreenFlowHub.out
#    Map file     =  
#        E:\GreenFlow\GreenFlow\firmware\TestUart\GreenFlowHub\EWARM\GreenFlowHub\List\GreenFlowHub.map
#    Command line =  
#        -f C:\Users\VICKYD~1\AppData\Local\Temp\EW1C9B.tmp
#        (E:\GreenFlow\GreenFlow\firmware\TestUart\GreenFlowHub\EWARM\GreenFlowHub\Obj\main.o
#        E:\GreenFlow\GreenFlow\firmware\TestUart\GreenFlowHub\EWARM\GreenFlowHub\Obj\mainThread.o
#        E:\GreenFlow\GreenFlow\firmware\TestUart\GreenFlowHub\EWARM\GreenFlowHub\Obj\startup_stm32l053xx.o
#        E:\GreenFlow\GreenFlow\firmware\TestUart\GreenFlowHub\EWARM\GreenFlowHub\Obj\stm32l0xx_hal.o
#        E:\GreenFlow\GreenFlow\firmware\TestUart\GreenFlowHub\EWARM\GreenFlowHub\Obj\stm32l0xx_hal_cortex.o
#        E:\GreenFlow\GreenFlow\firmware\TestUart\GreenFlowHub\EWARM\GreenFlowHub\Obj\stm32l0xx_hal_dma.o
#        E:\GreenFlow\GreenFlow\firmware\TestUart\GreenFlowHub\EWARM\GreenFlowHub\Obj\stm32l0xx_hal_flash.o
#        E:\GreenFlow\GreenFlow\firmware\TestUart\GreenFlowHub\EWARM\GreenFlowHub\Obj\stm32l0xx_hal_flash_ex.o
#        E:\GreenFlow\GreenFlow\firmware\TestUart\GreenFlowHub\EWARM\GreenFlowHub\Obj\stm32l0xx_hal_flash_ramfunc.o
#        E:\GreenFlow\GreenFlow\firmware\TestUart\GreenFlowHub\EWARM\GreenFlowHub\Obj\stm32l0xx_hal_gpio.o
#        E:\GreenFlow\GreenFlow\firmware\TestUart\GreenFlowHub\EWARM\GreenFlowHub\Obj\stm32l0xx_hal_i2c.o
#        E:\GreenFlow\GreenFlow\firmware\TestUart\GreenFlowHub\EWARM\GreenFlowHub\Obj\stm32l0xx_hal_i2c_ex.o
#        E:\GreenFlow\GreenFlow\firmware\TestUart\GreenFlowHub\EWARM\GreenFlowHub\Obj\stm32l0xx_hal_msp.o
#        E:\GreenFlow\GreenFlow\firmware\TestUart\GreenFlowHub\EWARM\GreenFlowHub\Obj\stm32l0xx_hal_pwr.o
#        E:\GreenFlow\GreenFlow\firmware\TestUart\GreenFlowHub\EWARM\GreenFlowHub\Obj\stm32l0xx_hal_pwr_ex.o
#        E:\GreenFlow\GreenFlow\firmware\TestUart\GreenFlowHub\EWARM\GreenFlowHub\Obj\stm32l0xx_hal_rcc.o
#        E:\GreenFlow\GreenFlow\firmware\TestUart\GreenFlowHub\EWARM\GreenFlowHub\Obj\stm32l0xx_hal_rcc_ex.o
#        E:\GreenFlow\GreenFlow\firmware\TestUart\GreenFlowHub\EWARM\GreenFlowHub\Obj\stm32l0xx_hal_tim.o
#        E:\GreenFlow\GreenFlow\firmware\TestUart\GreenFlowHub\EWARM\GreenFlowHub\Obj\stm32l0xx_hal_tim_ex.o
#        E:\GreenFlow\GreenFlow\firmware\TestUart\GreenFlowHub\EWARM\GreenFlowHub\Obj\stm32l0xx_hal_uart.o
#        E:\GreenFlow\GreenFlow\firmware\TestUart\GreenFlowHub\EWARM\GreenFlowHub\Obj\stm32l0xx_hal_uart_ex.o
#        E:\GreenFlow\GreenFlow\firmware\TestUart\GreenFlowHub\EWARM\GreenFlowHub\Obj\stm32l0xx_it.o
#        E:\GreenFlow\GreenFlow\firmware\TestUart\GreenFlowHub\EWARM\GreenFlowHub\Obj\system_stm32l0xx.o
#        --redirect _Printf=_PrintfFull --redirect _Scanf=_ScanfFull -o
#        E:\GreenFlow\GreenFlow\firmware\TestUart\GreenFlowHub\EWARM\GreenFlowHub\Exe\GreenFlowHub.out
#        --map
#        E:\GreenFlow\GreenFlow\firmware\TestUart\GreenFlowHub\EWARM\GreenFlowHub\List\GreenFlowHub.map
#        --config
#        E:\GreenFlow\GreenFlow\firmware\TestUart\GreenFlowHub\EWARM/stm32l053xx_flash.icf
#        --semihosting --entry __iar_program_start --vfe --text_out locale)
#
###############################################################################

*******************************************************************************
*** RUNTIME MODEL ATTRIBUTES
***

CppFlavor       = *
__SystemLibrary = DLib
__dlib_version  = 6


*******************************************************************************
*** HEAP SELECTION
***

The basic heap was selected because some modules are built with
size limitations (and not runtime checking), and --advanced_heap
was not specified.


*******************************************************************************
*** PLACEMENT SUMMARY
***

"A0":  place at 0x08000000 { ro section .intvec };
"P1":  place in [from 0x08000000 to 0x0800ffff] { ro };
"P2":  place in [from 0x20000000 to 0x20001fff] { rw, block CSTACK, block HEAP };
initialize by copy { rw };

  Section            Kind        Address    Size  Object
  -------            ----        -------    ----  ------
"A0":                                       0xc0
  .intvec            ro code  0x08000000    0xc0  startup_stm32l053xx.o [1]
                            - 0x080000c0    0xc0

"P1":                                     0x2298
  .text              ro code  0x080000c0   0x9e0  stm32l0xx_hal_uart.o [1]
  .text              ro code  0x08000aa0    0xa0  stm32l0xx_hal_msp.o [1]
  .text              ro code  0x08000b40     0xc  stm32l0xx_hal.o [1]
  .text              ro code  0x08000b4c    0xc4  stm32l0xx_hal_dma.o [1]
  .text              ro code  0x08000c10     0x2  stm32l0xx_hal_uart.o [1]
  .text              ro code  0x08000c12     0x2  startup_stm32l053xx.o [1]
  .text              ro code  0x08000c14     0x2  stm32l0xx_hal_uart_ex.o [1]
  .text              ro code  0x08000c16     0x2  startup_stm32l053xx.o [1]
  .text              ro code  0x08000c18   0x52c  stm32l0xx_hal_rcc_ex.o [1]
  .text              ro code  0x08001144   0x96c  stm32l0xx_hal_rcc.o [1]
  .text              ro code  0x08001ab0    0x32  I64Mul.o [4]
  .text              ro code  0x08001ae2    0x6a  I64DivMod.o [4]
  .text              ro code  0x08001b4c    0xae  I32DivModFast.o [4]
  .text              ro code  0x08001bfa     0x2  stm32l0xx_hal_uart.o [1]
  .text              ro code  0x08001bfc     0x2  stm32l0xx_hal_uart.o [1]
  .text              ro code  0x08001bfe     0x2  startup_stm32l053xx.o [1]
  .text              ro code  0x08001c00   0x136  stm32l0xx_hal_cortex.o [1]
  .text              ro code  0x08001d36     0x2  startup_stm32l053xx.o [1]
  .text              ro code  0x08001d38   0x1fc  stm32l0xx_hal_gpio.o [1]
  .text              ro code  0x08001f34    0x28  stm32l0xx_hal.o [1]
  .text              ro code  0x08001f5c     0x2  I64DivZer.o [4]
  .text              ro code  0x08001f5e     0x2  startup_stm32l053xx.o [1]
  .text              ro code  0x08001f60     0x2  IntDivZer.o [4]
  .text              ro code  0x08001f62     0x2  startup_stm32l053xx.o [1]
  .text              ro code  0x08001f64   0x180  main.o [1]
  .text              ro code  0x080020e4    0x20  stm32l0xx_hal.o [1]
  .text              ro code  0x08002104    0x16  mainThread.o [1]
  .text              ro code  0x0800211a    0x1a  stm32l0xx_hal.o [1]
  .text              ro code  0x08002134    0x80  system_stm32l0xx.o [1]
  .text              ro code  0x080021b4    0x40  zero_init3.o [4]
  .text              ro code  0x080021f4    0x30  copy_init3.o [4]
  .text              ro code  0x08002224    0x28  data_init.o [4]
  .text              ro code  0x0800224c    0x24  stm32l0xx_it.o [1]
  .text              ro code  0x08002270    0x10  stm32l0xx_hal.o [1]
  .iar.init_table    const    0x08002280    0x24  - Linker created -
  .text              ro code  0x080022a4    0x1a  cmain.o [4]
  .text              ro code  0x080022be     0x4  low_level_init.o [3]
  .text              ro code  0x080022c2     0x8  exit.o [3]
  .text              ro code  0x080022ca     0x2  startup_stm32l053xx.o [1]
  .text              ro code  0x080022cc     0xa  cexit.o [4]
  .text              ro code  0x080022d6     0x2  startup_stm32l053xx.o [1]
  .text              ro code  0x080022d8    0x14  exit.o [5]
  .rodata            const    0x080022ec    0x10  system_stm32l0xx.o [1]
  .text              ro code  0x080022fc    0x10  startup_stm32l053xx.o [1]
  .rodata            const    0x0800230c     0xc  system_stm32l0xx.o [1]
  .text              ro code  0x08002318     0xc  cstartup_M.o [4]
  .rodata            const    0x08002324     0x8  system_stm32l0xx.o [1]
  .rodata            const    0x0800232c     0x4  main.o [1]
  Initializer bytes  const    0x08002330     0x4  <for P2-1>
  .text              ro code  0x08002334     0x2  startup_stm32l053xx.o [1]
  .text              ro code  0x08002336     0x2  startup_stm32l053xx.o [1]
  .text              ro code  0x08002338     0x2  startup_stm32l053xx.o [1]
  .text              ro code  0x0800233a     0x2  startup_stm32l053xx.o [1]
  .text              ro code  0x0800233c     0x2  startup_stm32l053xx.o [1]
  .text              ro code  0x0800233e     0x2  startup_stm32l053xx.o [1]
  .text              ro code  0x08002340     0x2  startup_stm32l053xx.o [1]
  .text              ro code  0x08002342     0x2  startup_stm32l053xx.o [1]
  .text              ro code  0x08002344     0x2  startup_stm32l053xx.o [1]
  .text              ro code  0x08002346     0x2  startup_stm32l053xx.o [1]
  .text              ro code  0x08002348     0x2  startup_stm32l053xx.o [1]
  .text              ro code  0x0800234a     0x2  startup_stm32l053xx.o [1]
  .text              ro code  0x0800234c     0x2  startup_stm32l053xx.o [1]
  .text              ro code  0x0800234e     0x2  startup_stm32l053xx.o [1]
  .text              ro code  0x08002350     0x2  startup_stm32l053xx.o [1]
  .text              ro code  0x08002352     0x2  startup_stm32l053xx.o [1]
  .text              ro code  0x08002354     0x2  startup_stm32l053xx.o [1]
  .text              ro code  0x08002356     0x2  startup_stm32l053xx.o [1]
  .rodata            const    0x08002358     0x0  zero_init3.o [4]
  .rodata            const    0x08002358     0x0  copy_init3.o [4]
                            - 0x08002358  0x2298

"P2", part 1 of 3:                           0x4
  P2-1                        0x20000000     0x4  <Init block>
    .data            inited   0x20000000     0x4  system_stm32l0xx.o [1]
                            - 0x20000004     0x4

"P2", part 2 of 3:                         0x400
  CSTACK                      0x20000008   0x400  <Block>
    CSTACK           uninit   0x20000008   0x400  <Block tail>
                            - 0x20000408   0x400

"P2", part 3 of 3:                          0x78
  .bss               zero     0x20000408    0x70  main.o [1]
  .bss               zero     0x20000478     0x4  mainThread.o [1]
  .bss               zero     0x2000047c     0x4  stm32l0xx_hal.o [1]
                            - 0x20000480    0x78


*******************************************************************************
*** INIT TABLE
***

          Address     Size
          -------     ----
Zero (__iar_zero_init3)
    1 destination range, total size 0x78:
          0x20000408  0x78

Copy (__iar_copy_init3)
    1 source range, total size 0x4:
          0x08002330   0x4
    1 destination range, total size 0x4:
          0x20000000   0x4



*******************************************************************************
*** MODULE SUMMARY
***

    Module                   ro code  ro data  rw data
    ------                   -------  -------  -------
E:\GreenFlow\GreenFlow\firmware\TestUart\GreenFlowHub\EWARM\GreenFlowHub\Obj: [1]
    main.o                       384        4      112
    mainThread.o                  22                 4
    startup_stm32l053xx.o        260
    stm32l0xx_hal.o              126                 4
    stm32l0xx_hal_cortex.o       310
    stm32l0xx_hal_dma.o          196
    stm32l0xx_hal_gpio.o         508
    stm32l0xx_hal_msp.o          160
    stm32l0xx_hal_rcc.o        2 412
    stm32l0xx_hal_rcc_ex.o     1 324
    stm32l0xx_hal_uart.o       2 534
    stm32l0xx_hal_uart_ex.o        2
    stm32l0xx_it.o                36
    system_stm32l0xx.o           128       40        4
    --------------------------------------------------
    Total:                     8 402       44      124

command line: [2]
    --------------------------------------------------
    Total:

dl6M_tlf.a: [3]
    exit.o                         8
    low_level_init.o               4
    --------------------------------------------------
    Total:                        12

rt6M_tl.a: [4]
    I32DivModFast.o              174
    I64DivMod.o                  106
    I64DivZer.o                    2
    I64Mul.o                      50
    IntDivZer.o                    2
    cexit.o                       10
    cmain.o                       26
    copy_init3.o                  48
    cstartup_M.o                  12
    data_init.o                   40
    zero_init3.o                  64
    --------------------------------------------------
    Total:                       534

shb_l.a: [5]
    exit.o                        20
    --------------------------------------------------
    Total:                        20

    Linker created                         36    1 024
------------------------------------------------------
    Grand Total:               8 968       80    1 148


*******************************************************************************
*** ENTRY LIST
***

Entry                      Address   Size  Type      Object
-----                      -------   ----  ----      ------
.iar.init_table$$Base   0x08002280          --   Gb  - Linker created -
.iar.init_table$$Limit  0x080022a4          --   Gb  - Linker created -
?main                   0x080022a5         Code  Gb  cmain.o [4]
AHBPrescTable           0x080022ec   0x10  Data  Gb  system_stm32l0xx.o [1]
APBPrescTable           0x08002324    0x8  Data  Gb  system_stm32l0xx.o [1]
CSTACK$$Base            0x20000008          --   Gb  - Linker created -
CSTACK$$Limit           0x20000408          --   Gb  - Linker created -
Error_Handler           0x080020e1    0x4  Code  Gb  main.o [1]
HAL_DMA_Abort_IT        0x08000b4d   0xa6  Code  Gb  stm32l0xx_hal_dma.o [1]
HAL_Delay               0x0800211b   0x1a  Code  Wk  stm32l0xx_hal.o [1]
HAL_GPIO_Init           0x08001d39  0x1d2  Code  Gb  stm32l0xx_hal_gpio.o [1]
HAL_GetTick             0x08000b41    0xc  Code  Wk  stm32l0xx_hal.o [1]
HAL_IncTick             0x08002271   0x10  Code  Wk  stm32l0xx_hal.o [1]
HAL_Init                0x080020e5   0x1c  Code  Gb  stm32l0xx_hal.o [1]
HAL_InitTick            0x08001f35   0x28  Code  Wk  stm32l0xx_hal.o [1]
HAL_MspInit             0x08000aa1   0x42  Code  Gb  stm32l0xx_hal_msp.o [1]
HAL_NVIC_EnableIRQ      0x08001cdd    0xe  Code  Gb  stm32l0xx_hal_cortex.o [1]
HAL_NVIC_SetPriority    0x08001cc9   0x14  Code  Gb  stm32l0xx_hal_cortex.o [1]
HAL_RCCEx_GetPeriphCLKFreq
                        0x08000e4d  0x2bc  Code  Gb  stm32l0xx_hal_rcc_ex.o [1]
HAL_RCCEx_PeriphCLKConfig
                        0x08000c19  0x1fc  Code  Gb  stm32l0xx_hal_rcc_ex.o [1]
HAL_RCC_ClockConfig     0x08001729  0x1aa  Code  Gb  stm32l0xx_hal_rcc.o [1]
HAL_RCC_GetHCLKFreq     0x080019a9    0x6  Code  Gb  stm32l0xx_hal_rcc.o [1]
HAL_RCC_GetPCLK1Freq    0x080019af   0x18  Code  Gb  stm32l0xx_hal_rcc.o [1]
HAL_RCC_GetPCLK2Freq    0x080019c7   0x18  Code  Gb  stm32l0xx_hal_rcc.o [1]
HAL_RCC_GetSysClockFreq
                        0x080018ed   0xbc  Code  Gb  stm32l0xx_hal_rcc.o [1]
HAL_RCC_OscConfig       0x08001145  0x5c0  Code  Gb  stm32l0xx_hal_rcc.o [1]
HAL_SYSTICK_CLKSourceConfig
                        0x08001cf3   0x22  Code  Gb  stm32l0xx_hal_cortex.o [1]
HAL_SYSTICK_Config      0x08001ceb    0x8  Code  Gb  stm32l0xx_hal_cortex.o [1]
HAL_SYSTICK_IRQHandler  0x08001d15    0x8  Code  Gb  stm32l0xx_hal_cortex.o [1]
HAL_UARTEx_WakeupCallback
                        0x08000c15    0x2  Code  Wk  stm32l0xx_hal_uart_ex.o [1]
HAL_UART_IRQHandler     0x08000231  0x15c  Code  Gb  stm32l0xx_hal_uart.o [1]
HAL_UART_Init           0x080000c1   0x7e  Code  Gb  stm32l0xx_hal_uart.o [1]
HAL_UART_MspInit        0x08000ae3   0x50  Code  Gb  stm32l0xx_hal_msp.o [1]
HAL_UART_Transmit       0x08000145   0xec  Code  Gb  stm32l0xx_hal_uart.o [1]
HardFault_Handler       0x0800224f    0x4  Code  Gb  stm32l0xx_it.o [1]
MX_GPIO_Init            0x080020a7   0x20  Code  Lc  main.o [1]
MX_USART1_UART_Init     0x08002057   0x50  Code  Lc  main.o [1]
NMI_Handler             0x0800224d    0x2  Code  Gb  stm32l0xx_it.o [1]
NVIC_EnableIRQ          0x08001c01    0xe  Code  Lc  stm32l0xx_hal_cortex.o [1]
NVIC_SetPriority        0x08001c0f   0x88  Code  Lc  stm32l0xx_hal_cortex.o [1]
PLLMulTable             0x0800230c    0xc  Data  Gb  system_stm32l0xx.o [1]
PendSV_Handler          0x08002255    0x2  Code  Gb  stm32l0xx_it.o [1]
RCC_SetFlashLatencyFromMSIRange
                        0x080019f9   0x88  Code  Lc  stm32l0xx_hal_rcc.o [1]
Region$$Table$$Base     0x08002280          --   Gb  - Linker created -
Region$$Table$$Limit    0x080022a4          --   Gb  - Linker created -
SVC_Handler             0x08002253    0x2  Code  Gb  stm32l0xx_it.o [1]
SysTick_Config          0x08001c97   0x32  Code  Lc  stm32l0xx_hal_cortex.o [1]
SysTick_Handler         0x08002257    0xc  Code  Gb  stm32l0xx_it.o [1]
SystemClock_Config      0x08001fbd   0x9a  Code  Gb  main.o [1]
SystemCoreClock         0x20000000    0x4  Data  Gb  system_stm32l0xx.o [1]
SystemInit              0x08002135   0x5a  Code  Gb  system_stm32l0xx.o [1]
UART_AdvFeatureConfig   0x08000745   0xde  Code  Gb  stm32l0xx_hal_uart.o [1]
UART_CheckIdleState     0x08000829   0x6a  Code  Gb  stm32l0xx_hal_uart.o [1]
UART_DMAAbortOnError    0x08000959   0x1a  Code  Lc  stm32l0xx_hal_uart.o [1]
UART_EndRxTransfer      0x0800090d   0x20  Code  Lc  stm32l0xx_hal_uart.o [1]
UART_EndTransmit_IT     0x080009e7   0x20  Code  Lc  stm32l0xx_hal_uart.o [1]
UART_Receive_IT         0x08000a07   0x92  Code  Lc  stm32l0xx_hal_uart.o [1]
UART_SetConfig          0x08000391  0x3a6  Code  Gb  stm32l0xx_hal_uart.o [1]
UART_Transmit_IT        0x08000973   0x74  Code  Lc  stm32l0xx_hal_uart.o [1]
UART_WaitOnFlagUntilTimeout
                        0x0800089d   0x6a  Code  Gb  stm32l0xx_hal_uart.o [1]
USART1_IRQHandler       0x08002263    0xa  Code  Gb  stm32l0xx_it.o [1]
__aeabi_idiv0           0x08001f61         Code  Gb  IntDivZer.o [4]
__aeabi_ldiv0           0x08001f5d         Code  Gb  I64DivZer.o [4]
__aeabi_lmul            0x08001ab1         Code  Gb  I64Mul.o [4]
__aeabi_uidiv           0x08001b4d         Code  Gb  I32DivModFast.o [4]
__aeabi_uidivmod        0x08001b4d         Code  Gb  I32DivModFast.o [4]
__aeabi_uldivmod        0x08001ae3         Code  Gb  I64DivMod.o [4]
__cmain                 0x080022a5         Code  Gb  cmain.o [4]
__exit                  0x080022d9   0x14  Code  Gb  exit.o [5]
__iar_copy_init3        0x080021f5   0x30  Code  Gb  copy_init3.o [4]
__iar_data_init3        0x08002225   0x28  Code  Gb  data_init.o [4]
__iar_program_start     0x08002319         Code  Gb  cstartup_M.o [4]
__iar_systems$$module {Abs}
                        0x00000001         Data  Gb  command line/config [2]
__iar_zero_init3        0x080021b5   0x40  Code  Gb  zero_init3.o [4]
__low_level_init        0x080022bf    0x4  Code  Gb  low_level_init.o [3]
__vector_table          0x08000000         Data  Gb  startup_stm32l053xx.o [1]
_call_main              0x080022b1         Code  Gb  cmain.o [4]
_exit                   0x080022cd         Code  Gb  cexit.o [4]
_main                   0x080022bb         Code  Gb  cmain.o [4]
exit                    0x080022c3    0x8  Code  Gb  exit.o [3]
huart1                  0x20000408   0x70  Data  Gb  main.o [1]
initMainThread          0x08002105    0xc  Code  Gb  mainThread.o [1]
main                    0x08001f65   0x58  Code  Gb  main.o [1]
mainThread              0x08002115    0x6  Code  Gb  mainThread.o [1]
staticUartHandler       0x20000478    0x4  Data  Lc  mainThread.o [1]
uwTick                  0x2000047c    0x4  Data  Gb  stm32l0xx_hal.o [1]


[1] = E:\GreenFlow\GreenFlow\firmware\TestUart\GreenFlowHub\EWARM\GreenFlowHub\Obj
[2] = command line
[3] = dl6M_tlf.a
[4] = rt6M_tl.a
[5] = shb_l.a

  8 968 bytes of readonly  code memory
     80 bytes of readonly  data memory
  1 148 bytes of readwrite data memory

Errors: none
Warnings: none
