###############################################################################
#
# IAR ELF Linker V8.11.1.13263/W32 for ARM                19/Jul/2017  20:56:01
# Copyright 2007-2017 IAR Systems AB.
#
#    Output file  =  
#        E:\GreenFlow\GreenFlow\firmware\GreenFlowHub\EWARM\GreenFlowHub\Exe\GreenFlowHub.out
#    Map file     =  
#        E:\GreenFlow\GreenFlow\firmware\GreenFlowHub\EWARM\GreenFlowHub\List\GreenFlowHub.map
#    Command line =  
#        -f C:\Users\VICKYD~1\AppData\Local\Temp\EWF49E.tmp
#        (E:\GreenFlow\GreenFlow\firmware\GreenFlowHub\EWARM\GreenFlowHub\Obj\batteryCheck.o
#        E:\GreenFlow\GreenFlow\firmware\GreenFlowHub\EWARM\GreenFlowHub\Obj\buttonStates.o
#        E:\GreenFlow\GreenFlow\firmware\GreenFlowHub\EWARM\GreenFlowHub\Obj\chargerState.o
#        E:\GreenFlow\GreenFlow\firmware\GreenFlowHub\EWARM\GreenFlowHub\Obj\decodedData.o
#        E:\GreenFlow\GreenFlow\firmware\GreenFlowHub\EWARM\GreenFlowHub\Obj\grabData.o
#        E:\GreenFlow\GreenFlow\firmware\GreenFlowHub\EWARM\GreenFlowHub\Obj\lcdControl.o
#        E:\GreenFlow\GreenFlow\firmware\GreenFlowHub\EWARM\GreenFlowHub\Obj\main.o
#        E:\GreenFlow\GreenFlow\firmware\GreenFlowHub\EWARM\GreenFlowHub\Obj\mainThread.o
#        E:\GreenFlow\GreenFlow\firmware\GreenFlowHub\EWARM\GreenFlowHub\Obj\startup_stm32l053xx.o
#        E:\GreenFlow\GreenFlow\firmware\GreenFlowHub\EWARM\GreenFlowHub\Obj\stm32l0xx_hal.o
#        E:\GreenFlow\GreenFlow\firmware\GreenFlowHub\EWARM\GreenFlowHub\Obj\stm32l0xx_hal_adc.o
#        E:\GreenFlow\GreenFlow\firmware\GreenFlowHub\EWARM\GreenFlowHub\Obj\stm32l0xx_hal_adc_ex.o
#        E:\GreenFlow\GreenFlow\firmware\GreenFlowHub\EWARM\GreenFlowHub\Obj\stm32l0xx_hal_cortex.o
#        E:\GreenFlow\GreenFlow\firmware\GreenFlowHub\EWARM\GreenFlowHub\Obj\stm32l0xx_hal_dma.o
#        E:\GreenFlow\GreenFlow\firmware\GreenFlowHub\EWARM\GreenFlowHub\Obj\stm32l0xx_hal_flash.o
#        E:\GreenFlow\GreenFlow\firmware\GreenFlowHub\EWARM\GreenFlowHub\Obj\stm32l0xx_hal_flash_ex.o
#        E:\GreenFlow\GreenFlow\firmware\GreenFlowHub\EWARM\GreenFlowHub\Obj\stm32l0xx_hal_flash_ramfunc.o
#        E:\GreenFlow\GreenFlow\firmware\GreenFlowHub\EWARM\GreenFlowHub\Obj\stm32l0xx_hal_gpio.o
#        E:\GreenFlow\GreenFlow\firmware\GreenFlowHub\EWARM\GreenFlowHub\Obj\stm32l0xx_hal_i2c.o
#        E:\GreenFlow\GreenFlow\firmware\GreenFlowHub\EWARM\GreenFlowHub\Obj\stm32l0xx_hal_i2c_ex.o
#        E:\GreenFlow\GreenFlow\firmware\GreenFlowHub\EWARM\GreenFlowHub\Obj\stm32l0xx_hal_msp.o
#        E:\GreenFlow\GreenFlow\firmware\GreenFlowHub\EWARM\GreenFlowHub\Obj\stm32l0xx_hal_pwr.o
#        E:\GreenFlow\GreenFlow\firmware\GreenFlowHub\EWARM\GreenFlowHub\Obj\stm32l0xx_hal_pwr_ex.o
#        E:\GreenFlow\GreenFlow\firmware\GreenFlowHub\EWARM\GreenFlowHub\Obj\stm32l0xx_hal_rcc.o
#        E:\GreenFlow\GreenFlow\firmware\GreenFlowHub\EWARM\GreenFlowHub\Obj\stm32l0xx_hal_rcc_ex.o
#        E:\GreenFlow\GreenFlow\firmware\GreenFlowHub\EWARM\GreenFlowHub\Obj\stm32l0xx_hal_spi.o
#        E:\GreenFlow\GreenFlow\firmware\GreenFlowHub\EWARM\GreenFlowHub\Obj\stm32l0xx_hal_tim.o
#        E:\GreenFlow\GreenFlow\firmware\GreenFlowHub\EWARM\GreenFlowHub\Obj\stm32l0xx_hal_tim_ex.o
#        E:\GreenFlow\GreenFlow\firmware\GreenFlowHub\EWARM\GreenFlowHub\Obj\stm32l0xx_hal_uart.o
#        E:\GreenFlow\GreenFlow\firmware\GreenFlowHub\EWARM\GreenFlowHub\Obj\stm32l0xx_hal_uart_ex.o
#        E:\GreenFlow\GreenFlow\firmware\GreenFlowHub\EWARM\GreenFlowHub\Obj\stm32l0xx_it.o
#        E:\GreenFlow\GreenFlow\firmware\GreenFlowHub\EWARM\GreenFlowHub\Obj\system_stm32l0xx.o
#        E:\GreenFlow\GreenFlow\firmware\GreenFlowHub\EWARM\GreenFlowHub\Obj\uartIO.o
#        --redirect _Printf=_PrintfFull --redirect _Scanf=_ScanfFull -o
#        E:\GreenFlow\GreenFlow\firmware\GreenFlowHub\EWARM\GreenFlowHub\Exe\GreenFlowHub.out
#        --map
#        E:\GreenFlow\GreenFlow\firmware\GreenFlowHub\EWARM\GreenFlowHub\List\GreenFlowHub.map
#        --config
#        E:\GreenFlow\GreenFlow\firmware\GreenFlowHub\EWARM/stm32l053xx_flash.icf
#        --semihosting --entry __iar_program_start --vfe --text_out locale)
#
###############################################################################

*******************************************************************************
*** RUNTIME MODEL ATTRIBUTES
***

CppFlavor       = *
__SystemLibrary = DLib
__dlib_version  = 6


*******************************************************************************
*** HEAP SELECTION
***

The basic heap was selected because some modules are built with
size limitations (and not runtime checking), and --advanced_heap
was not specified.


*******************************************************************************
*** PLACEMENT SUMMARY
***

"A0":  place at 0x08000000 { ro section .intvec };
"P1":  place in [from 0x08000000 to 0x0800ffff] { ro };
"P2":  place in [from 0x20000000 to 0x20001fff] { rw, block CSTACK, block HEAP };
initialize by copy { rw };

  Section            Kind        Address    Size  Object
  -------            ----        -------    ----  ------
"A0":                                       0xc0
  .intvec            ro code  0x08000000    0xc0  startup_stm32l053xx.o [1]
                            - 0x080000c0    0xc0

"P1":                                     0x4fde
  .text              ro code  0x080000c0  0x1006  xprintffull.o [3]
  .text              ro code  0x080010c6     0xa  xsprout.o [3]
  .text              ro code  0x080010d0    0x8c  xlocale_c.o [3]
  .text              ro code  0x0800115c    0x16  strchr.o [5]
  .text              ro code  0x08001172     0x2  startup_stm32l053xx.o [1]
  .text              ro code  0x08001174    0x48  xfail_s.o [3]
  .text              ro code  0x080011bc    0x10  strlen.o [5]
  .text              ro code  0x080011cc    0x18  memchr.o [5]
  .text              ro code  0x080011e4     0xa  xmbcurmax.o [3]
  .text              ro code  0x080011ee     0x2  startup_stm32l053xx.o [1]
  .text              ro code  0x080011f0    0x5c  ABImemcpy.o [5]
  .text              ro code  0x0800124c    0x6a  I64DivMod.o [5]
  .text              ro code  0x080012b6   0x184  DblMul.o [4]
  .text              ro code  0x0800143a    0x32  DblCmpLe.o [4]
  .text              ro code  0x0800146c    0x32  DblCmpGe.o [4]
  .text              ro code  0x0800149e     0x2  startup_stm32l053xx.o [1]
  .text              ro code  0x080014a0    0x52  DblToI32.o [4]
  .text              ro code  0x080014f2     0x2  startup_stm32l053xx.o [1]
  .text              ro code  0x080014f4    0x34  IxxToDbl.o [4]
  .text              ro code  0x08001528   0x1b4  DblAddSub.o [4]
  .text              ro code  0x080016dc    0xe0  I32DivModFast.o [5]
  .text              ro code  0x080017bc    0xc2  DblDiv.o [4]
  .text              ro code  0x0800187e     0xa  abort.o [3]
  .text              ro code  0x08001888     0x2  I64DivZer.o [5]
  .text              ro code  0x0800188a     0x2  startup_stm32l053xx.o [1]
  .text              ro code  0x0800188c     0x2  IntDivZer.o [5]
  .text              ro code  0x0800188e     0x2  startup_stm32l053xx.o [1]
  .text              ro code  0x08001890    0x14  exit.o [6]
  .text              ro code  0x080018a4   0x9d4  stm32l0xx_hal_uart.o [1]
  .text              ro code  0x08002278   0x13c  stm32l0xx_hal_msp.o [1]
  .text              ro code  0x080023b4    0xc4  stm32l0xx_hal_dma.o [1]
  .text              ro code  0x08002478     0x2  stm32l0xx_hal_uart.o [1]
  .text              ro code  0x0800247a     0x2  startup_stm32l053xx.o [1]
  .text              ro code  0x0800247c     0x2  stm32l0xx_hal_uart_ex.o [1]
  .text              ro code  0x0800247e     0x2  startup_stm32l053xx.o [1]
  .text              ro code  0x08002480   0x52c  stm32l0xx_hal_rcc_ex.o [1]
  .text              ro code  0x080029ac   0x96c  stm32l0xx_hal_rcc.o [1]
  .text              ro code  0x08003318    0x32  I64Mul.o [5]
  .text              ro code  0x0800334a     0x2  startup_stm32l053xx.o [1]
  .text              ro code  0x0800334c     0xc  stm32l0xx_hal.o [1]
  .text              ro code  0x08003358     0x2  stm32l0xx_hal_uart.o [1]
  .text              ro code  0x0800335a     0x2  startup_stm32l053xx.o [1]
  .text              ro code  0x0800335c    0xcc  uartIO.o [1]
  .text              ro code  0x08003428   0x136  stm32l0xx_hal_cortex.o [1]
  .text              ro code  0x0800355e     0x2  startup_stm32l053xx.o [1]
  .text              ro code  0x08003560   0x252  stm32l0xx_hal_gpio.o [1]
  .text              ro code  0x080037b2     0x2  startup_stm32l053xx.o [1]
  .text              ro code  0x080037b4    0x28  stm32l0xx_hal.o [1]
  .text              ro code  0x080037dc     0xc  memcpy.o [5]
  .text              ro code  0x080037e8   0x5ca  lcdControl.o [1]
  .text              ro code  0x08003db2     0x2  startup_stm32l053xx.o [1]
  .text              ro code  0x08003db4   0x36c  stm32l0xx_hal_spi.o [1]
  .text              ro code  0x08004120    0x1a  stm32l0xx_hal.o [1]
  .text              ro code  0x0800413a     0x2  startup_stm32l053xx.o [1]
  .text              ro code  0x0800413c    0x40  sprintf.o [3]
  .text              ro code  0x0800417c   0x108  buttonStates.o [1]
  .text              ro code  0x08004284   0x444  stm32l0xx_hal_adc.o [1]
  .text              ro code  0x080046c8   0x34c  main.o [1]
  .text              ro code  0x08004a14    0x20  stm32l0xx_hal.o [1]
  .text              ro code  0x08004a34    0x90  mainThread.o [1]
  .text              ro code  0x08004ac4    0xbc  grabData.o [1]
  .text              ro code  0x08004b80    0xe0  decodedData.o [1]
  .text              ro code  0x08004c60    0x34  chargerState.o [1]
  .text              ro code  0x08004c94    0x68  batteryCheck.o [1]
  .text              ro code  0x08004cfc    0xa4  stm32l0xx_it.o [1]
  .text              ro code  0x08004da0    0x10  stm32l0xx_hal.o [1]
  Initializer bytes  const    0x08004db0    0x84  <for P2-1>
  .text              ro code  0x08004e34    0x80  system_stm32l0xx.o [1]
  .text              ro code  0x08004eb4    0x40  zero_init3.o [5]
  .text              ro code  0x08004ef4    0x30  copy_init3.o [5]
  .text              ro code  0x08004f24    0x28  data_init.o [5]
  .iar.init_table    const    0x08004f4c    0x24  - Linker created -
  .text              ro code  0x08004f70    0x1c  xencoding_8859_1.o [3]
  .text              ro code  0x08004f8c    0x1a  cmain.o [5]
  .text              ro code  0x08004fa6     0x4  low_level_init.o [3]
  .text              ro code  0x08004faa     0x8  exit.o [3]
  .text              ro code  0x08004fb2     0x2  startup_stm32l053xx.o [1]
  .text              ro code  0x08004fb4     0xa  cexit.o [5]
  .text              ro code  0x08004fbe     0x2  startup_stm32l053xx.o [1]
  .rodata            const    0x08004fc0    0x10  lcdControl.o [1]
  .rodata            const    0x08004fd0    0x10  lcdControl.o [1]
  .rodata            const    0x08004fe0    0x10  lcdControl.o [1]
  .rodata            const    0x08004ff0    0x10  lcdControl.o [1]
  .rodata            const    0x08005000    0x10  lcdControl.o [1]
  .rodata            const    0x08005010    0x10  system_stm32l0xx.o [1]
  .rodata            const    0x08005020    0x10  xprintffull.o [3]
  .text              ro code  0x08005030    0x10  startup_stm32l053xx.o [1]
  .rodata            const    0x08005040     0xc  lcdControl.o [1]
  .rodata            const    0x0800504c     0xc  lcdControl.o [1]
  .rodata            const    0x08005058     0xc  system_stm32l0xx.o [1]
  .text              ro code  0x08005064     0xc  cstartup_M.o [5]
  .rodata            const    0x08005070     0x8  lcdControl.o [1]
  .rodata            const    0x08005078     0x8  lcdControl.o [1]
  .rodata            const    0x08005080     0x8  system_stm32l0xx.o [1]
  .rodata            const    0x08005088     0x6  xlocale_c.o [3]
  .text              ro code  0x0800508e     0x2  startup_stm32l053xx.o [1]
  .text              ro code  0x08005090     0x2  startup_stm32l053xx.o [1]
  .text              ro code  0x08005092     0x2  startup_stm32l053xx.o [1]
  .text              ro code  0x08005094     0x2  startup_stm32l053xx.o [1]
  .text              ro code  0x08005096     0x2  startup_stm32l053xx.o [1]
  .text              ro code  0x08005098     0x2  startup_stm32l053xx.o [1]
  .text              ro code  0x0800509a     0x2  startup_stm32l053xx.o [1]
  .text              ro code  0x0800509c     0x2  startup_stm32l053xx.o [1]
  .rodata            const    0x0800509e     0x0  zero_init3.o [5]
  .rodata            const    0x0800509e     0x0  copy_init3.o [5]
                            - 0x0800509e  0x4fde

"P2", part 1 of 3:                          0x84
  P2-1                        0x20000000    0x84  <Init block>
    .data            inited   0x20000000     0x4  system_stm32l0xx.o [1]
    .data            inited   0x20000004    0x38  xlocale_c.o [3]
    .data            inited   0x2000003c    0x48  xlocale_c.o [3]
                            - 0x20000084    0x84

"P2", part 2 of 3:                         0x400
  CSTACK                      0x20000088   0x400  <Block>
    CSTACK           uninit   0x20000088   0x400  <Block tail>
                            - 0x20000488   0x400

"P2", part 3 of 3:                         0x178
  .bss               zero     0x20000488    0x70  main.o [1]
  .bss               zero     0x200004f8    0x60  main.o [1]
  .bss               zero     0x20000558    0x58  main.o [1]
  .bss               zero     0x200005b0    0x18  mainThread.o [1]
  .bss               zero     0x200005c8     0x8  decodedData.o [1]
  .bss               zero     0x200005d0     0x8  uartIO.o [1]
  .bss               zero     0x200005d8     0x8  uartIO.o [1]
  .bss               zero     0x200005e0     0x4  batteryCheck.o [1]
  .bss               zero     0x200005e4     0x4  lcdControl.o [1]
  .bss               zero     0x200005e8     0x4  stm32l0xx_hal.o [1]
  .bss               zero     0x200005ec     0x4  uartIO.o [1]
  .bss               zero     0x200005f0     0x4  xfail_s.o [3]
  .bss               zero     0x200005f4     0x1  batteryCheck.o [1]
  .bss               zero     0x200005f5     0x1  buttonStates.o [1]
  .bss               zero     0x200005f6     0x1  buttonStates.o [1]
  .bss               zero     0x200005f7     0x1  buttonStates.o [1]
  .bss               zero     0x200005f8     0x1  buttonStates.o [1]
  .bss               zero     0x200005f9     0x1  chargerState.o [1]
  .bss               zero     0x200005fa     0x1  decodedData.o [1]
  .bss               zero     0x200005fb     0x1  decodedData.o [1]
  .bss               zero     0x200005fc     0x1  lcdControl.o [1]
  .bss               zero     0x200005fd     0x1  uartIO.o [1]
                            - 0x200005fe   0x176


*******************************************************************************
*** INIT TABLE
***

          Address     Size
          -------     ----
Zero (__iar_zero_init3)
    1 destination range, total size 0x176:
          0x20000488  0x176

Copy (__iar_copy_init3)
    1 source range, total size 0x84:
          0x08004db0   0x84
    1 destination range, total size 0x84:
          0x20000000   0x84



*******************************************************************************
*** MODULE SUMMARY
***

    Module                   ro code  ro data  rw data
    ------                   -------  -------  -------
E:\GreenFlow\GreenFlow\firmware\GreenFlowHub\EWARM\GreenFlowHub\Obj: [1]
    batteryCheck.o               104                 5
    buttonStates.o               264                 4
    chargerState.o                52                 1
    decodedData.o                224                10
    grabData.o                   188
    lcdControl.o               1 482      120        5
    main.o                       844               296
    mainThread.o                 144                24
    startup_stm32l053xx.o        256
    stm32l0xx_hal.o              126                 4
    stm32l0xx_hal_adc.o        1 092
    stm32l0xx_hal_cortex.o       310
    stm32l0xx_hal_dma.o          196
    stm32l0xx_hal_gpio.o         594
    stm32l0xx_hal_msp.o          316
    stm32l0xx_hal_rcc.o        2 412
    stm32l0xx_hal_rcc_ex.o     1 324
    stm32l0xx_hal_spi.o          876
    stm32l0xx_hal_uart.o       2 520
    stm32l0xx_hal_uart_ex.o        2
    stm32l0xx_it.o               164
    system_stm32l0xx.o           128       40        4
    uartIO.o                     204                21
    --------------------------------------------------
    Total:                    13 822      160      374

command line: [2]
    --------------------------------------------------
    Total:

dl6M_tlf.a: [3]
    abort.o                       10
    exit.o                         8
    low_level_init.o               4
    sprintf.o                     64
    xencoding_8859_1.o            28
    xfail_s.o                     72                 4
    xlocale_c.o                  140      134      128
    xmbcurmax.o                   10
    xprintffull.o              4 102       16
    xsprout.o                     10
    --------------------------------------------------
    Total:                     4 448      150      132

m6M_tl.a: [4]
    DblAddSub.o                  436
    DblCmpGe.o                    50
    DblCmpLe.o                    50
    DblDiv.o                     194
    DblMul.o                     388
    DblToI32.o                    82
    IxxToDbl.o                    52
    --------------------------------------------------
    Total:                     1 252

rt6M_tl.a: [5]
    ABImemcpy.o                   92
    I32DivModFast.o              224
    I64DivMod.o                  106
    I64DivZer.o                    2
    I64Mul.o                      50
    IntDivZer.o                    2
    cexit.o                       10
    cmain.o                       26
    copy_init3.o                  48
    cstartup_M.o                  12
    data_init.o                   40
    memchr.o                      24
    memcpy.o                      12
    strchr.o                      22
    strlen.o                      16
    zero_init3.o                  64
    --------------------------------------------------
    Total:                       750

shb_l.a: [6]
    exit.o                        20
    --------------------------------------------------
    Total:                        20

    Linker created                         36    1 024
------------------------------------------------------
    Grand Total:              20 292      346    1 530


*******************************************************************************
*** ENTRY LIST
***

Entry                      Address   Size  Type      Object
-----                      -------   ----  ----      ------
.iar.init_table$$Base   0x08004f4c          --   Gb  - Linker created -
.iar.init_table$$Limit  0x08004f70          --   Gb  - Linker created -
?main                   0x08004f8d         Code  Gb  cmain.o [5]
ADC_DelayMicroSecond    0x08004699   0x22  Code  Lc  stm32l0xx_hal_adc.o [1]
ADC_Enable              0x080045fd   0x86  Code  Lc  stm32l0xx_hal_adc.o [1]
AHBPrescTable           0x08005010   0x10  Data  Gb  system_stm32l0xx.o [1]
APBPrescTable           0x08005080    0x8  Data  Gb  system_stm32l0xx.o [1]
CSTACK$$Base            0x20000088          --   Gb  - Linker created -
CSTACK$$Limit           0x20000488          --   Gb  - Linker created -
CacheMore               0x080010d5   0x28  Code  Lc  xlocale_c.o [3]
EXTI0_1_IRQHandler      0x08004d13   0x34  Code  Gb  stm32l0xx_it.o [1]
EXTI4_15_IRQHandler     0x08004d47   0x4c  Code  Gb  stm32l0xx_it.o [1]
Error_Handler           0x08004a11    0x4  Code  Gb  main.o [1]
HAL_ADC_ConfigChannel   0x0800451f   0xde  Code  Gb  stm32l0xx_hal_adc.o [1]
HAL_ADC_GetValue        0x08004519    0x6  Code  Gb  stm32l0xx_hal_adc.o [1]
HAL_ADC_Init            0x08004285  0x20c  Code  Gb  stm32l0xx_hal_adc.o [1]
HAL_ADC_MspInit         0x080022bb   0x36  Code  Gb  stm32l0xx_hal_msp.o [1]
HAL_ADC_Start           0x08004491   0x6a  Code  Gb  stm32l0xx_hal_adc.o [1]
HAL_DMA_Abort_IT        0x080023b5   0xa6  Code  Gb  stm32l0xx_hal_dma.o [1]
HAL_Delay               0x08004121   0x1a  Code  Wk  stm32l0xx_hal.o [1]
HAL_GPIO_EXTI_IRQHandler
                        0x08003763   0x20  Code  Gb  stm32l0xx_hal_gpio.o [1]
HAL_GPIO_Init           0x08003561  0x1d2  Code  Gb  stm32l0xx_hal_gpio.o [1]
HAL_GPIO_ReadPin        0x08003733   0x1c  Code  Gb  stm32l0xx_hal_gpio.o [1]
HAL_GPIO_WritePin       0x0800374f   0x14  Code  Gb  stm32l0xx_hal_gpio.o [1]
HAL_GetTick             0x0800334d    0xc  Code  Wk  stm32l0xx_hal.o [1]
HAL_IncTick             0x08004da1   0x10  Code  Wk  stm32l0xx_hal.o [1]
HAL_Init                0x08004a15   0x1c  Code  Gb  stm32l0xx_hal.o [1]
HAL_InitTick            0x080037b5   0x28  Code  Wk  stm32l0xx_hal.o [1]
HAL_MspInit             0x08002279   0x42  Code  Gb  stm32l0xx_hal_msp.o [1]
HAL_NVIC_EnableIRQ      0x08003505    0xe  Code  Gb  stm32l0xx_hal_cortex.o [1]
HAL_NVIC_SetPriority    0x080034f1   0x14  Code  Gb  stm32l0xx_hal_cortex.o [1]
HAL_RCCEx_GetPeriphCLKFreq
                        0x080026b5  0x2bc  Code  Gb  stm32l0xx_hal_rcc_ex.o [1]
HAL_RCCEx_PeriphCLKConfig
                        0x08002481  0x1fc  Code  Gb  stm32l0xx_hal_rcc_ex.o [1]
HAL_RCC_ClockConfig     0x08002f91  0x1aa  Code  Gb  stm32l0xx_hal_rcc.o [1]
HAL_RCC_GetHCLKFreq     0x08003211    0x6  Code  Gb  stm32l0xx_hal_rcc.o [1]
HAL_RCC_GetPCLK1Freq    0x08003217   0x18  Code  Gb  stm32l0xx_hal_rcc.o [1]
HAL_RCC_GetPCLK2Freq    0x0800322f   0x18  Code  Gb  stm32l0xx_hal_rcc.o [1]
HAL_RCC_GetSysClockFreq
                        0x08003155   0xbc  Code  Gb  stm32l0xx_hal_rcc.o [1]
HAL_RCC_OscConfig       0x080029ad  0x5c0  Code  Gb  stm32l0xx_hal_rcc.o [1]
HAL_SPI_Init            0x08003db5   0x8e  Code  Gb  stm32l0xx_hal_spi.o [1]
HAL_SPI_MspInit         0x080022f1   0x5c  Code  Gb  stm32l0xx_hal_msp.o [1]
HAL_SPI_Transmit        0x08003e43  0x1dc  Code  Gb  stm32l0xx_hal_spi.o [1]
HAL_SYSTICK_CLKSourceConfig
                        0x0800351b   0x22  Code  Gb  stm32l0xx_hal_cortex.o [1]
HAL_SYSTICK_Config      0x08003513    0x8  Code  Gb  stm32l0xx_hal_cortex.o [1]
HAL_SYSTICK_IRQHandler  0x0800353d    0x8  Code  Gb  stm32l0xx_hal_cortex.o [1]
HAL_UARTEx_WakeupCallback
                        0x0800247d    0x2  Code  Wk  stm32l0xx_hal_uart_ex.o [1]
HAL_UART_IRQHandler     0x08001a09  0x15c  Code  Gb  stm32l0xx_hal_uart.o [1]
HAL_UART_Init           0x080018a5   0x7e  Code  Gb  stm32l0xx_hal_uart.o [1]
HAL_UART_MspInit        0x0800234d   0x50  Code  Gb  stm32l0xx_hal_msp.o [1]
HAL_UART_Receive_IT     0x08001929   0xdc  Code  Gb  stm32l0xx_hal_uart.o [1]
HAL_UART_RxCpltCallback
                        0x0800335d   0x38  Code  Gb  uartIO.o [1]
HardFault_Handler       0x08004cff    0x4  Code  Gb  stm32l0xx_it.o [1]
LoadInt                 0x080002b1   0x74  Code  Lc  xprintffull.o [3]
MX_ADC_Init             0x08004797   0x9a  Code  Lc  main.o [1]
MX_GPIO_Init            0x080048df   0xfe  Code  Lc  main.o [1]
MX_SPI2_Init            0x08004831   0x5e  Code  Lc  main.o [1]
MX_USART1_UART_Init     0x0800488f   0x50  Code  Lc  main.o [1]
NMI_Handler             0x08004cfd    0x2  Code  Gb  stm32l0xx_it.o [1]
NVIC_EnableIRQ          0x08003429    0xe  Code  Lc  stm32l0xx_hal_cortex.o [1]
NVIC_SetPriority        0x08003437   0x88  Code  Lc  stm32l0xx_hal_cortex.o [1]
PLLMulTable             0x08005058    0xc  Data  Gb  system_stm32l0xx.o [1]
PendSV_Handler          0x08004d05    0x2  Code  Gb  stm32l0xx_it.o [1]
RCC_SetFlashLatencyFromMSIRange
                        0x08003261   0x88  Code  Lc  stm32l0xx_hal_rcc.o [1]
Region$$Table$$Base     0x08004f4c          --   Gb  - Linker created -
Region$$Table$$Limit    0x08004f70          --   Gb  - Linker created -
SPI_WaitOnFlagUntilTimeout
                        0x08004029   0xf4  Code  Lc  stm32l0xx_hal_spi.o [1]
SVC_Handler             0x08004d03    0x2  Code  Gb  stm32l0xx_it.o [1]
SysTick_Config          0x080034bf   0x32  Code  Lc  stm32l0xx_hal_cortex.o [1]
SysTick_Handler         0x08004d07    0xc  Code  Gb  stm32l0xx_it.o [1]
SystemClock_Config      0x080046fd   0x9a  Code  Gb  main.o [1]
SystemCoreClock         0x20000000    0x4  Data  Gb  system_stm32l0xx.o [1]
SystemInit              0x08004e35   0x5a  Code  Gb  system_stm32l0xx.o [1]
UART_AdvFeatureConfig   0x08001f1d   0xde  Code  Gb  stm32l0xx_hal_uart.o [1]
UART_CheckIdleState     0x08002001   0x6a  Code  Gb  stm32l0xx_hal_uart.o [1]
UART_DMAAbortOnError    0x08002131   0x1a  Code  Lc  stm32l0xx_hal_uart.o [1]
UART_EndRxTransfer      0x080020e5   0x20  Code  Lc  stm32l0xx_hal_uart.o [1]
UART_EndTransmit_IT     0x080021bf   0x20  Code  Lc  stm32l0xx_hal_uart.o [1]
UART_Receive_IT         0x080021df   0x92  Code  Lc  stm32l0xx_hal_uart.o [1]
UART_SetConfig          0x08001b69  0x3a6  Code  Gb  stm32l0xx_hal_uart.o [1]
UART_Transmit_IT        0x0800214b   0x74  Code  Lc  stm32l0xx_hal_uart.o [1]
UART_WaitOnFlagUntilTimeout
                        0x08002075   0x6a  Code  Gb  stm32l0xx_hal_uart.o [1]
USART1_IRQHandler       0x08004d93    0xa  Code  Gb  stm32l0xx_it.o [1]
_Encoding_8859_1_Mbrlen
                        0x08004f81    0x2  Code  Gb  xencoding_8859_1.o [3]
_Encoding_8859_1_Wctomb
                        0x08004f71   0x10  Code  Gb  xencoding_8859_1.o [3]
_GenldFull              0x08000e2d  0x266  Code  Lc  xprintffull.o [3]
_LdtobFull              0x08000995  0x484  Code  Lc  xprintffull.o [3]
_LitobFull              0x0800081d  0x126  Code  Lc  xprintffull.o [3]
_Locale_lconv           0x20000004   0x38  Data  Lc  xlocale_c.o [3]
_PrintfFull             0x080000c1  0x1dc  Code  Gb  xprintffull.o [3]
_PutcharsFull           0x08001093   0x32  Code  Lc  xprintffull.o [3]
_PutfldFull             0x08000325  0x2d6  Code  Lc  xprintffull.o [3]
_PutstrFull             0x08000761   0xb4  Code  Lc  xprintffull.o [3]
_PuttxtFull             0x08000665   0xfa  Code  Lc  xprintffull.o [3]
_SProut                 0x080010c7    0xa  Code  Gb  xsprout.o [3]
__aeabi_cdcmple         0x0800143b         Code  Gb  DblCmpLe.o [4]
__aeabi_cdrcmple        0x0800146d         Code  Gb  DblCmpGe.o [4]
__aeabi_d2iz            0x080014a1         Code  Gb  DblToI32.o [4]
__aeabi_d2uiz           0x080014c5         Code  Gb  DblToI32.o [4]
__aeabi_dadd            0x08001529         Code  Gb  DblAddSub.o [4]
__aeabi_ddiv            0x080017bd         Code  Gb  DblDiv.o [4]
__aeabi_dmul            0x080012b7         Code  Gb  DblMul.o [4]
__aeabi_dsub            0x080015ef         Code  Gb  DblAddSub.o [4]
__aeabi_i2d             0x08001515         Code  Gb  IxxToDbl.o [4]
__aeabi_idiv            0x08001709         Code  Gb  I32DivModFast.o [5]
__aeabi_idiv0           0x0800188d         Code  Gb  IntDivZer.o [5]
__aeabi_idivmod         0x08001709         Code  Gb  I32DivModFast.o [5]
__aeabi_ldiv0           0x08001889         Code  Gb  I64DivZer.o [5]
__aeabi_lmul            0x08003319         Code  Gb  I64Mul.o [5]
__aeabi_memcpy          0x080011f1         Code  Gb  ABImemcpy.o [5]
__aeabi_memcpy4         0x08001219         Code  Wk  ABImemcpy.o [5]
__aeabi_ui2d            0x080014f5         Code  Gb  IxxToDbl.o [4]
__aeabi_uidiv           0x0800170f         Code  Gb  I32DivModFast.o [5]
__aeabi_uidivmod        0x0800170f         Code  Gb  I32DivModFast.o [5]
__aeabi_uldivmod        0x0800124d         Code  Gb  I64DivMod.o [5]
__cmain                 0x08004f8d         Code  Gb  cmain.o [5]
__exit                  0x08001891   0x14  Code  Gb  exit.o [6]
__iar_Fail_s            0x08001175   0x22  Code  Gb  xfail_s.o [3]
__iar_Mbcurmax          0x080011e5    0xa  Code  Gb  xmbcurmax.o [3]
__iar_copy_init3        0x08004ef5   0x30  Code  Gb  copy_init3.o [5]
__iar_d2uiz             0x080014c9         Code  Gb  DblToI32.o [4]
__iar_data_init3        0x08004f25   0x28  Code  Gb  data_init.o [5]
__iar_globLocale        0x2000003c   0x48  Data  Lc  xlocale_c.o [3]
__iar_global_Locale     0x080010d1    0x4  Code  Gb  xlocale_c.o [3]
__iar_program_start     0x08005065         Code  Gb  cstartup_M.o [5]
__iar_systems$$module {Abs}
                        0x00000001         Data  Gb  command line/config [2]
__iar_zero_init3        0x08004eb5   0x40  Code  Gb  zero_init3.o [5]
__low_level_init        0x08004fa7    0x4  Code  Gb  low_level_init.o [3]
__vector_table          0x08000000         Data  Gb  startup_stm32l053xx.o [1]
_call_main              0x08004f99         Code  Gb  cmain.o [5]
_exit                   0x08004fb5         Code  Gb  cexit.o [5]
_gLocale_mblen          0x08001139    0xa  Code  Gb  xlocale_c.o [3]
_gLocale_mblenInt       0x080010fd   0x34  Code  Gb  xlocale_c.o [3]
_gLocale_wctomb         0x08001143    0xa  Code  Gb  xlocale_c.o [3]
_gLocale_wctombInt      0x08001131    0x8  Code  Gb  xlocale_c.o [3]
_main                   0x08004fa3         Code  Gb  cmain.o [5]
abort                   0x0800187f    0xa  Code  Gb  abort.o [3]
bc_batteryAdcHandle     0x200005e0    0x4  Data  Lc  batteryCheck.o [1]
bc_batteryFlag          0x200005f4    0x1  Data  Lc  batteryCheck.o [1]
bc_checkBatteryStatus   0x08004cc1   0x1a  Code  Gb  batteryCheck.o [1]
bc_getUpdatedHubBattery
                        0x08004cdb   0x18  Code  Gb  batteryCheck.o [1]
bc_initBatteryCheck     0x08004c95   0x2c  Code  Gb  batteryCheck.o [1]
bs_backState            0x200005f5    0x1  Data  Lc  buttonStates.o [1]
bs_downState            0x200005f7    0x1  Data  Lc  buttonStates.o [1]
bs_getInputButtons      0x08004197   0xba  Code  Gb  buttonStates.o [1]
bs_nextState            0x200005f8    0x1  Data  Lc  buttonStates.o [1]
bs_setBackButtonState   0x08004261    0x8  Code  Gb  buttonStates.o [1]
bs_setButtonStatesLow   0x0800417d   0x1a  Code  Gb  buttonStates.o [1]
bs_setDownButtonState   0x08004259    0x8  Code  Gb  buttonStates.o [1]
bs_setNextButtonState   0x08004269    0x8  Code  Gb  buttonStates.o [1]
bs_setUpButtonState     0x08004251    0x8  Code  Gb  buttonStates.o [1]
bs_upState              0x200005f6    0x1  Data  Lc  buttonStates.o [1]
cs_chargerFlag          0x200005f9    0x1  Data  Lc  chargerState.o [1]
cs_checkChargerStatus   0x08004c6d    0xc  Code  Gb  chargerState.o [1]
cs_getUpdatedHubCharger
                        0x08004c79   0x18  Code  Gb  chargerState.o [1]
cs_initChargerState     0x08004c61    0xc  Code  Gb  chargerState.o [1]
dd_currentVolume        0x200005c8    0x8  Data  Lc  decodedData.o [1]
dd_decodeData           0x08004bab   0x74  Code  Gb  decodedData.o [1]
dd_flowBatteryFlags     0x200005fa    0x1  Data  Lc  decodedData.o [1]
dd_flowChargerFlags     0x200005fb    0x1  Data  Lc  decodedData.o [1]
dd_getUpdatedFlowData   0x08004c1f   0x2e  Code  Gb  decodedData.o [1]
dd_initDecodedData      0x08004b81   0x2a  Code  Gb  decodedData.o [1]
displayData             0x200005b0   0x18  Data  Lc  mainThread.o [1]
exit                    0x08004fab    0x8  Code  Gb  exit.o [3]
gd_getDisplayData       0x08004ae9   0x92  Code  Gb  grabData.o [1]
gd_initGrabData         0x08004ac5   0x24  Code  Gb  grabData.o [1]
hadc                    0x200004f8   0x60  Data  Gb  main.o [1]
hspi2                   0x20000558   0x58  Data  Gb  main.o [1]
huart1                  0x20000488   0x70  Data  Gb  main.o [1]
initMainThread          0x08004a35   0x4e  Code  Gb  mainThread.o [1]
lcd_clear               0x080038b3   0x12  Code  Gb  lcdControl.o [1]
lcd_displayCurrent      0x08003a69   0xc2  Code  Gb  lcdControl.o [1]
lcd_displayTotal        0x08003b3d  0x14a  Code  Gb  lcdControl.o [1]
lcd_goto                0x080038c5   0x56  Code  Gb  lcdControl.o [1]
lcd_initLcdData         0x08003c9d   0x8c  Code  Gb  lcdControl.o [1]
lcd_putString           0x0800391b   0x1e  Code  Gb  lcdControl.o [1]
lcd_sendData            0x080037e9   0x70  Code  Gb  lcdControl.o [1]
lcd_staticText          0x08003939   0x54  Code  Gb  lcdControl.o [1]
lcd_statusMessage       0x0800398d   0xd8  Code  Gb  lcdControl.o [1]
lcd_statusMessage::lcd_messageCount
                        0x200005fc    0x1  Data  Lc  lcdControl.o [1]
lcd_updateScreen        0x08003d59   0x5a  Code  Gb  lcdControl.o [1]
lcd_write               0x08003859   0x5a  Code  Gb  lcdControl.o [1]
localeconv              0x0800114f    0x4  Code  Gb  xlocale_c.o [3]
main                    0x080046c9   0x34  Code  Gb  main.o [1]
mainThread              0x08004a83   0x3a  Code  Gb  mainThread.o [1]
memchr                  0x080011cd   0x18  Code  Gb  memchr.o [5]
memcpy                  0x080037dd    0xc  Code  Gb  memcpy.o [5]
newData                 0x200005fd    0x1  Data  Gb  uartIO.o [1]
recieveBuffer           0x200005d0    0x8  Data  Gb  uartIO.o [1]
saveData                0x200005d8    0x8  Data  Gb  uartIO.o [1]
scale                   0x08000943   0x44  Code  Lc  xprintffull.o [3]
sec_hand                0x200005f0    0x4  Data  Lc  xfail_s.o [3]
spiHandler              0x200005e4    0x4  Data  Lc  lcdControl.o [1]
sprintf                 0x0800413d   0x40  Code  Gb  sprintf.o [3]
strchr                  0x0800115d    0x2  Code  Gb  strchr.o [5]
strlen                  0x080011bd   0x10  Code  Gb  strlen.o [5]
uio_getUartRawData      0x080033b7   0x5a  Code  Gb  uartIO.o [1]
uio_initUartIO          0x08003395   0x22  Code  Gb  uartIO.o [1]
uio_uartHandler         0x200005ec    0x4  Data  Lc  uartIO.o [1]
uwTick                  0x200005e8    0x4  Data  Gb  stm32l0xx_hal.o [1]


[1] = E:\GreenFlow\GreenFlow\firmware\GreenFlowHub\EWARM\GreenFlowHub\Obj
[2] = command line
[3] = dl6M_tlf.a
[4] = m6M_tl.a
[5] = rt6M_tl.a
[6] = shb_l.a

  20 292 bytes of readonly  code memory
     346 bytes of readonly  data memory
   1 530 bytes of readwrite data memory

Errors: none
Warnings: none
