###############################################################################
#
# IAR ELF Linker V8.11.1.13263/W32 for ARM                22/May/2017  20:48:53
# Copyright 2007-2017 IAR Systems AB.
#
#    Output file  =  
#        E:\GreenFlow\GreenFlow\firmware\GreenFlowHub\EWARM\GreenFlowHub\Exe\GreenFlowHub.out
#    Map file     =  
#        E:\GreenFlow\GreenFlow\firmware\GreenFlowHub\EWARM\GreenFlowHub\List\GreenFlowHub.map
#    Command line =  
#        -f C:\Users\VICKYD~1\AppData\Local\Temp\EWA587.tmp
#        (E:\GreenFlow\GreenFlow\firmware\GreenFlowHub\EWARM\GreenFlowHub\Obj\batteryCheck.o
#        E:\GreenFlow\GreenFlow\firmware\GreenFlowHub\EWARM\GreenFlowHub\Obj\chargerState.o
#        E:\GreenFlow\GreenFlow\firmware\GreenFlowHub\EWARM\GreenFlowHub\Obj\decodedData.o
#        E:\GreenFlow\GreenFlow\firmware\GreenFlowHub\EWARM\GreenFlowHub\Obj\lcdControl.o
#        E:\GreenFlow\GreenFlow\firmware\GreenFlowHub\EWARM\GreenFlowHub\Obj\main.o
#        E:\GreenFlow\GreenFlow\firmware\GreenFlowHub\EWARM\GreenFlowHub\Obj\mainThread.o
#        E:\GreenFlow\GreenFlow\firmware\GreenFlowHub\EWARM\GreenFlowHub\Obj\startup_stm32l053xx.o
#        E:\GreenFlow\GreenFlow\firmware\GreenFlowHub\EWARM\GreenFlowHub\Obj\stm32l0xx_hal.o
#        E:\GreenFlow\GreenFlow\firmware\GreenFlowHub\EWARM\GreenFlowHub\Obj\stm32l0xx_hal_cortex.o
#        E:\GreenFlow\GreenFlow\firmware\GreenFlowHub\EWARM\GreenFlowHub\Obj\stm32l0xx_hal_dma.o
#        E:\GreenFlow\GreenFlow\firmware\GreenFlowHub\EWARM\GreenFlowHub\Obj\stm32l0xx_hal_flash.o
#        E:\GreenFlow\GreenFlow\firmware\GreenFlowHub\EWARM\GreenFlowHub\Obj\stm32l0xx_hal_flash_ex.o
#        E:\GreenFlow\GreenFlow\firmware\GreenFlowHub\EWARM\GreenFlowHub\Obj\stm32l0xx_hal_flash_ramfunc.o
#        E:\GreenFlow\GreenFlow\firmware\GreenFlowHub\EWARM\GreenFlowHub\Obj\stm32l0xx_hal_gpio.o
#        E:\GreenFlow\GreenFlow\firmware\GreenFlowHub\EWARM\GreenFlowHub\Obj\stm32l0xx_hal_i2c.o
#        E:\GreenFlow\GreenFlow\firmware\GreenFlowHub\EWARM\GreenFlowHub\Obj\stm32l0xx_hal_i2c_ex.o
#        E:\GreenFlow\GreenFlow\firmware\GreenFlowHub\EWARM\GreenFlowHub\Obj\stm32l0xx_hal_msp.o
#        E:\GreenFlow\GreenFlow\firmware\GreenFlowHub\EWARM\GreenFlowHub\Obj\stm32l0xx_hal_pwr.o
#        E:\GreenFlow\GreenFlow\firmware\GreenFlowHub\EWARM\GreenFlowHub\Obj\stm32l0xx_hal_pwr_ex.o
#        E:\GreenFlow\GreenFlow\firmware\GreenFlowHub\EWARM\GreenFlowHub\Obj\stm32l0xx_hal_rcc.o
#        E:\GreenFlow\GreenFlow\firmware\GreenFlowHub\EWARM\GreenFlowHub\Obj\stm32l0xx_hal_rcc_ex.o
#        E:\GreenFlow\GreenFlow\firmware\GreenFlowHub\EWARM\GreenFlowHub\Obj\stm32l0xx_it.o
#        E:\GreenFlow\GreenFlow\firmware\GreenFlowHub\EWARM\GreenFlowHub\Obj\system_stm32l0xx.o
#        E:\GreenFlow\GreenFlow\firmware\GreenFlowHub\EWARM\GreenFlowHub\Obj\uartIO.o
#        --redirect _Printf=_PrintfFull --redirect _Scanf=_ScanfFull -o
#        E:\GreenFlow\GreenFlow\firmware\GreenFlowHub\EWARM\GreenFlowHub\Exe\GreenFlowHub.out
#        --map
#        E:\GreenFlow\GreenFlow\firmware\GreenFlowHub\EWARM\GreenFlowHub\List\GreenFlowHub.map
#        --config
#        E:\GreenFlow\GreenFlow\firmware\GreenFlowHub\EWARM/stm32l053xx_flash.icf
#        --semihosting --entry __iar_program_start --vfe --text_out locale)
#
###############################################################################

*******************************************************************************
*** RUNTIME MODEL ATTRIBUTES
***

CppFlavor       = *
__SystemLibrary = DLib
__dlib_version  = 6


*******************************************************************************
*** HEAP SELECTION
***

The basic heap was selected because some modules are built with
size limitations (and not runtime checking), and --advanced_heap
was not specified.


*******************************************************************************
*** PLACEMENT SUMMARY
***

"A0":  place at 0x08000000 { ro section .intvec };
"P1":  place in [from 0x08000000 to 0x0800ffff] { ro };
"P2":  place in [from 0x20000000 to 0x20001fff] { rw, block CSTACK, block HEAP };
initialize by copy { rw };

  Section            Kind        Address   Size  Object
  -------            ----        -------   ----  ------
"A0":                                      0xc0
  .intvec            ro code  0x08000000   0xc0  startup_stm32l053xx.o [1]
                            - 0x080000c0   0xc0

"P1":                                     0xaa4
  .text              ro code  0x080000c0  0x70c  stm32l0xx_hal_rcc.o [1]
  .text              ro code  0x080007cc    0xc  stm32l0xx_hal.o [1]
  .text              ro code  0x080007d8   0x28  stm32l0xx_hal.o [1]
  .text              ro code  0x08000800   0x36  I32DivMod.o [4]
  .text              ro code  0x08000836    0x2  startup_stm32l053xx.o [1]
  .text              ro code  0x08000838   0x92  stm32l0xx_hal_cortex.o [1]
  .text              ro code  0x080008ca    0x2  startup_stm32l053xx.o [1]
  .text              ro code  0x080008cc    0x2  IntDivZer.o [4]
  .text              ro code  0x080008ce    0x2  startup_stm32l053xx.o [1]
  .text              ro code  0x080008d0   0x90  main.o [1]
  .text              ro code  0x08000960   0x20  stm32l0xx_hal.o [1]
  .text              ro code  0x08000980    0x8  mainThread.o [1]
  .text              ro code  0x08000988   0x40  stm32l0xx_hal_msp.o [1]
  .text              ro code  0x080009c8   0x74  system_stm32l0xx.o [1]
  .text              ro code  0x08000a3c   0x30  copy_init3.o [4]
  .text              ro code  0x08000a6c   0x28  data_init.o [4]
  .iar.init_table    const    0x08000a94   0x14  - Linker created -
  .text              ro code  0x08000aa8   0x1a  cmain.o [4]
  .text              ro code  0x08000ac2    0x4  low_level_init.o [3]
  .text              ro code  0x08000ac6    0x8  exit.o [3]
  .text              ro code  0x08000ace    0x2  startup_stm32l053xx.o [1]
  .text              ro code  0x08000ad0    0xa  cexit.o [4]
  .text              ro code  0x08000ada    0x2  startup_stm32l053xx.o [1]
  .text              ro code  0x08000adc   0x14  exit.o [5]
  .text              ro code  0x08000af0   0x14  stm32l0xx_it.o [1]
  .text              ro code  0x08000b04   0x10  stm32l0xx_hal.o [1]
  .text              ro code  0x08000b14   0x10  startup_stm32l053xx.o [1]
  .text              ro code  0x08000b24    0xc  cstartup_M.o [4]
  Initializer bytes  const    0x08000b30    0x8  <for P2-1>
  .text              ro code  0x08000b38    0x2  startup_stm32l053xx.o [1]
  .text              ro code  0x08000b3a    0x2  startup_stm32l053xx.o [1]
  .text              ro code  0x08000b3c    0x2  startup_stm32l053xx.o [1]
  .text              ro code  0x08000b3e    0x2  startup_stm32l053xx.o [1]
  .text              ro code  0x08000b40    0x2  startup_stm32l053xx.o [1]
  .text              ro code  0x08000b42    0x2  startup_stm32l053xx.o [1]
  .text              ro code  0x08000b44    0x2  startup_stm32l053xx.o [1]
  .text              ro code  0x08000b46    0x2  startup_stm32l053xx.o [1]
  .text              ro code  0x08000b48    0x2  startup_stm32l053xx.o [1]
  .text              ro code  0x08000b4a    0x2  startup_stm32l053xx.o [1]
  .text              ro code  0x08000b4c    0x2  startup_stm32l053xx.o [1]
  .text              ro code  0x08000b4e    0x2  startup_stm32l053xx.o [1]
  .text              ro code  0x08000b50    0x2  startup_stm32l053xx.o [1]
  .text              ro code  0x08000b52    0x2  startup_stm32l053xx.o [1]
  .text              ro code  0x08000b54    0x2  startup_stm32l053xx.o [1]
  .text              ro code  0x08000b56    0x2  startup_stm32l053xx.o [1]
  .text              ro code  0x08000b58    0x2  startup_stm32l053xx.o [1]
  .text              ro code  0x08000b5a    0x2  startup_stm32l053xx.o [1]
  .text              ro code  0x08000b5c    0x2  startup_stm32l053xx.o [1]
  .text              ro code  0x08000b5e    0x2  startup_stm32l053xx.o [1]
  .text              ro code  0x08000b60    0x2  startup_stm32l053xx.o [1]
  .text              ro code  0x08000b62    0x2  startup_stm32l053xx.o [1]
  .rodata            const    0x08000b64    0x0  copy_init3.o [4]
                            - 0x08000b64  0xaa4

"P2", part 1 of 2:                          0x8
  P2-1                        0x20000000    0x8  <Init block>
    .data            inited   0x20000000    0x4  system_stm32l0xx.o [1]
    .bss             inited   0x20000004    0x4  stm32l0xx_hal.o [1]
                            - 0x20000008    0x8

"P2", part 2 of 2:                        0x400
  CSTACK                      0x20000008  0x400  <Block>
    CSTACK           uninit   0x20000008  0x400  <Block tail>
                            - 0x20000408  0x400


*******************************************************************************
*** INIT TABLE
***

          Address     Size
          -------     ----
Copy (__iar_copy_init3)
    1 source range, total size 0x8:
          0x08000b30   0x8
    1 destination range, total size 0x8:
          0x20000000   0x8



*******************************************************************************
*** MODULE SUMMARY
***

    Module                  ro code  ro data  rw data
    ------                  -------  -------  -------
E:\GreenFlow\GreenFlow\firmware\GreenFlowHub\EWARM\GreenFlowHub\Obj: [1]
    main.o                      144
    mainThread.o                  8
    startup_stm32l053xx.o       262
    stm32l0xx_hal.o             100        4        4
    stm32l0xx_hal_cortex.o      146
    stm32l0xx_hal_msp.o          64
    stm32l0xx_hal_rcc.o       1 804
    stm32l0xx_it.o               20
    system_stm32l0xx.o          116        4        4
    -------------------------------------------------
    Total:                    2 664        8        8

command line: [2]
    -------------------------------------------------
    Total:

dl6M_tlf.a: [3]
    exit.o                        8
    low_level_init.o              4
    -------------------------------------------------
    Total:                       12

rt6M_tl.a: [4]
    I32DivMod.o                  54
    IntDivZer.o                   2
    cexit.o                      10
    cmain.o                      26
    copy_init3.o                 48
    cstartup_M.o                 12
    data_init.o                  40
    -------------------------------------------------
    Total:                      192

shb_l.a: [5]
    exit.o                       20
    -------------------------------------------------
    Total:                       20

    Linker created                        20    1 024
-----------------------------------------------------
    Grand Total:              2 888       28    1 032


*******************************************************************************
*** ENTRY LIST
***

Entry                      Address   Size  Type      Object
-----                      -------   ----  ----      ------
.iar.init_table$$Base   0x08000a94          --   Gb  - Linker created -
.iar.init_table$$Limit  0x08000aa8          --   Gb  - Linker created -
?main                   0x08000aa9         Code  Gb  cmain.o [4]
AHBPrescTable           0x08000a20   0x10  Data  Gb  system_stm32l0xx.o [1]
CSTACK$$Base            0x20000008          --   Gb  - Linker created -
CSTACK$$Limit           0x20000408          --   Gb  - Linker created -
HAL_GetTick             0x080007cd    0xc  Code  Wk  stm32l0xx_hal.o [1]
HAL_IncTick             0x08000b05   0x10  Code  Wk  stm32l0xx_hal.o [1]
HAL_Init                0x08000961   0x1a  Code  Gb  stm32l0xx_hal.o [1]
HAL_InitTick            0x080007d9   0x28  Code  Wk  stm32l0xx_hal.o [1]
HAL_MspInit             0x08000989   0x40  Code  Gb  stm32l0xx_hal_msp.o [1]
HAL_NVIC_SetPriority    0x0800086d    0x8  Code  Gb  stm32l0xx_hal_cortex.o [1]
HAL_RCC_ClockConfig     0x0800054d  0x162  Code  Gb  stm32l0xx_hal_rcc.o [1]
HAL_RCC_GetHCLKFreq     0x08000729    0x6  Code  Gb  stm32l0xx_hal_rcc.o [1]
HAL_RCC_GetSysClockFreq
                        0x080006bd   0x6c  Code  Gb  stm32l0xx_hal_rcc.o [1]
HAL_RCC_OscConfig       0x080000c1  0x476  Code  Gb  stm32l0xx_hal_rcc.o [1]
HAL_SYSTICK_CLKSourceConfig
                        0x0800089d   0x18  Code  Gb  stm32l0xx_hal_cortex.o [1]
HAL_SYSTICK_Config      0x08000875   0x28  Code  Gb  stm32l0xx_hal_cortex.o [1]
HAL_SYSTICK_IRQHandler  0x080008b5    0x8  Code  Gb  stm32l0xx_hal_cortex.o [1]
HardFault_Handler       0x08000af3    0x2  Code  Gb  stm32l0xx_it.o [1]
NMI_Handler             0x08000af1    0x2  Code  Gb  stm32l0xx_it.o [1]
NVIC_SetPriority        0x08000839   0x34  Code  Lc  stm32l0xx_hal_cortex.o [1]
PLLMulTable             0x08000a30    0xc  Data  Gb  system_stm32l0xx.o [1]
PendSV_Handler          0x08000af7    0x2  Code  Gb  stm32l0xx_it.o [1]
RCC_SetFlashLatencyFromMSIRange
                        0x08000755   0x5e  Code  Lc  stm32l0xx_hal_rcc.o [1]
Region$$Table$$Base     0x08000a94          --   Gb  - Linker created -
Region$$Table$$Limit    0x08000aa8          --   Gb  - Linker created -
SVC_Handler             0x08000af5    0x2  Code  Gb  stm32l0xx_it.o [1]
SysTick_Handler         0x08000af9    0xc  Code  Gb  stm32l0xx_it.o [1]
SystemClock_Config      0x080008e5   0x72  Code  Gb  main.o [1]
SystemCoreClock         0x20000000    0x4  Data  Gb  system_stm32l0xx.o [1]
SystemInit              0x080009c9   0x40  Code  Gb  system_stm32l0xx.o [1]
__aeabi_idiv0           0x080008cd         Code  Gb  IntDivZer.o [4]
__cmain                 0x08000aa9         Code  Gb  cmain.o [4]
__exit                  0x08000add   0x14  Code  Gb  exit.o [5]
__iar_copy_init3        0x08000a3d   0x30  Code  Gb  copy_init3.o [4]
__iar_data_init3        0x08000a6d   0x28  Code  Gb  data_init.o [4]
__iar_program_start     0x08000b25         Code  Gb  cstartup_M.o [4]
__iar_small_uidiv       0x08000801         Code  Gb  I32DivMod.o [4]
__iar_small_uidivmod    0x08000801         Code  Gb  I32DivMod.o [4]
__iar_systems$$module {Abs}
                        0x00000001         Data  Gb  command line/config [2]
__low_level_init        0x08000ac3    0x4  Code  Gb  low_level_init.o [3]
__vector_table          0x08000000         Data  Gb  startup_stm32l053xx.o [1]
_call_main              0x08000ab5         Code  Gb  cmain.o [4]
_exit                   0x08000ad1         Code  Gb  cexit.o [4]
_main                   0x08000abf         Code  Gb  cmain.o [4]
exit                    0x08000ac7    0x8  Code  Gb  exit.o [3]
initMainThread          0x08000981    0x4  Code  Gb  mainThread.o [1]
main                    0x080008d1   0x14  Code  Gb  main.o [1]
mainThread              0x08000985    0x4  Code  Gb  mainThread.o [1]
uwTick                  0x20000004    0x4  Data  Gb  stm32l0xx_hal.o [1]


[1] = E:\GreenFlow\GreenFlow\firmware\GreenFlowHub\EWARM\GreenFlowHub\Obj
[2] = command line
[3] = dl6M_tlf.a
[4] = rt6M_tl.a
[5] = shb_l.a

  2 888 bytes of readonly  code memory
     28 bytes of readonly  data memory
  1 032 bytes of readwrite data memory

Errors: none
Warnings: none
